mysql> create database;
ERROR 1064 (42000): You have an error in your SQL syntax; check the manual that corresponds to your MySQL server version for the right syntax to use near '' at line 1
mysql> create database student;
ERROR 1007 (HY000): Can't create database 'student'; database exists
mysql> show databases;
+--------------------+
| Database           |
+--------------------+
| information_schema |
| course             |
| deparment          |
| department         |
| faculty            |
| mysql              |
| performance_schema |
| student            |
| teacher            |
| test               |
+--------------------+
10 rows in set (0.00 sec)

mysql> use student;
Database changed
mysql> create table student(RegNo int(7),Name char(15),gender char(1),DOB date,mobileNo int(10),city char(20));
Query OK, 0 rows affected (0.02 sec)

mysql> desc student;
+----------+----------+------+-----+---------+-------+
| Field    | Type     | Null | Key | Default | Extra |
+----------+----------+------+-----+---------+-------+
| RegNo    | int(7)   | YES  |     | NULL    |       |
| Name     | char(15) | YES  |     | NULL    |       |
| gender   | char(1)  | YES  |     | NULL    |       |
| DOB      | date     | YES  |     | NULL    |       |
| mobileNo | int(10)  | YES  |     | NULL    |       |
| city     | char(20) | YES  |     | NULL    |       |
+----------+----------+------+-----+---------+-------+
6 rows in set (0.02 sec)

mysql> alter table student ;
Query OK, 0 rows affected (0.00 sec)

mysql> desc student;
+----------+----------+------+-----+---------+-------+
| Field    | Type     | Null | Key | Default | Extra |
+----------+----------+------+-----+---------+-------+
| RegNo    | int(7)   | YES  |     | NULL    |       |
| Name     | char(15) | YES  |     | NULL    |       |
| gender   | char(1)  | YES  |     | NULL    |       |
| DOB      | date     | YES  |     | NULL    |       |
| mobileNo | int(10)  | YES  |     | NULL    |       |
| city     | char(20) | YES  |     | NULL    |       |
+----------+----------+------+-----+---------+-------+
6 rows in set (0.02 sec)

mysql> alter table student add course char(6);
Query OK, 0 rows affected (0.03 sec)
Records: 0  Duplicates: 0  Warnings: 0

mysql> desc student;
+----------+----------+------+-----+---------+-------+
| Field    | Type     | Null | Key | Default | Extra |
+----------+----------+------+-----+---------+-------+
| RegNo    | int(7)   | YES  |     | NULL    |       |
| Name     | char(15) | YES  |     | NULL    |       |
| gender   | char(1)  | YES  |     | NULL    |       |
| DOB      | date     | YES  |     | NULL    |       |
| mobileNo | int(10)  | YES  |     | NULL    |       |
| city     | char(20) | YES  |     | NULL    |       |
| course   | char(6)  | YES  |     | NULL    |       |
+----------+----------+------+-----+---------+-------+
7 rows in set (0.02 sec)

mysql> drop table student;
Query OK, 0 rows affected (0.01 sec)

mysql> desc student;
ERROR 1146 (42S02): Table 'student.student' doesn't exist
mysql>
